C:/Users/mraihi.imr/Downloads/can-main/can-main/Middlewares/wolfssl/wolfcrypt/wc_port.h:670:40:wolfSSL_Atomic_Int_FetchAdd	24	static
C:/Users/mraihi.imr/Downloads/can-main/can-main/Middlewares/wolfssl/wolfcrypt/wc_port.h:678:40:wolfSSL_Atomic_Int_FetchSub	24	static
C:/Users/mraihi.imr/Downloads/can-main/can-main/Middlewares/wolfssl/wolfcrypt/wc_port.h:686:40:wolfSSL_Atomic_Int_AddFetch	16	static
C:/Users/mraihi.imr/Downloads/can-main/can-main/Middlewares/wolfssl/wolfcrypt/wc_port.h:692:40:wolfSSL_Atomic_Int_SubFetch	16	static
C:/Users/mraihi.imr/Downloads/can-main/can-main/Middlewares/wolfssl/wolfcrypt/wc_port.h:705:40:wolfSSL_Atomic_Int_CompareExchange	24	static
C:/Users/mraihi.imr/Downloads/can-main/can-main/Middlewares/wolfssl/wolfcrypt/wc_port.h:718:26:wolfSSL_Atomic_Ptr_CompareExchange	24	static
C:/Users/mraihi.imr/Downloads/can-main/can-main/Middlewares/wolfssl/wolfcrypt/wc_port.h:730:41:wolfSSL_Atomic_Uint_FetchAdd	24	static
C:/Users/mraihi.imr/Downloads/can-main/can-main/Middlewares/wolfssl/wolfcrypt/wc_port.h:737:41:wolfSSL_Atomic_Uint_FetchSub	24	static
C:/Users/mraihi.imr/Downloads/can-main/can-main/Middlewares/wolfssl/wolfcrypt/wc_port.h:744:41:wolfSSL_Atomic_Uint_AddFetch	16	static
C:/Users/mraihi.imr/Downloads/can-main/can-main/Middlewares/wolfssl/wolfcrypt/wc_port.h:749:41:wolfSSL_Atomic_Uint_SubFetch	16	static
C:/Users/mraihi.imr/Downloads/can-main/can-main/Middlewares/wolfssl/wolfcrypt/wc_port.h:754:26:wolfSSL_Atomic_Uint_CompareExchange	24	static
C:/Users/mraihi.imr/Downloads/can-main/can-main/Middlewares/wolfssl/wolfcrypt/types.h:498:45:WC_WUR_INT	16	static
../Middlewares/wolfcrypt/test/test.c:570:28:test_AesCbcInit	24	static
../Middlewares/wolfcrypt/test/test.c:611:28:test_AesGcmInit	24	static
../Middlewares/wolfcrypt/test/test.c:635:28:test_RsaInit	24	static
../Middlewares/wolfcrypt/test/test.c:646:28:test_RsaInit_Pub	24	static
../Middlewares/wolfcrypt/test/test.c:702:28:test_EccInit_Pair	24	static
../Middlewares/wolfcrypt/test/test.c:721:28:test_EccInit_Pub	24	static
../Middlewares/wolfcrypt/test/test.c:1146:6:wc_test_render_error_message	32	static
../Middlewares/wolfcrypt/test/test.c:1228:22:err_sys	16	static
../Middlewares/wolfcrypt/test/test.c:1403:29:test_AesCbcNew	24	static
../Middlewares/wolfcrypt/test/test.c:1430:29:test_AesGcmNew	24	static
../Middlewares/wolfcrypt/test/test.c:2207:15:wolfcrypt_test	24	static
../Middlewares/wolfcrypt/test/test.c:3581:22:_SaveDerAndPem	24	static
../Middlewares/wolfcrypt/test/test.c:3668:22:safe_sum_word32_test	24	static
../Middlewares/wolfcrypt/test/test.c:3706:22:safe_sub_word32_test	24	static
../Middlewares/wolfcrypt/test/test.c:3742:22:safe_sum_sword32_test	24	static
../Middlewares/wolfcrypt/test/test.c:3788:22:safe_sub_sword32_test	24	static
../Middlewares/wolfcrypt/test/test.c:3834:22:safe_sum_word64_test	64	static
../Middlewares/wolfcrypt/test/test.c:3872:22:safe_sub_word64_test	40	static
../Middlewares/wolfcrypt/test/test.c:3908:22:safe_sum_sword64_test	112	static
../Middlewares/wolfcrypt/test/test.c:3954:22:safe_sub_sword64_test	112	static
../Middlewares/wolfcrypt/test/test.c:4000:39:macro_test	16	static
../Middlewares/wolfcrypt/test/test.c:4026:39:error_test	112	static
../Middlewares/wolfcrypt/test/test.c:4111:39:base64_test	240	static
../Middlewares/wolfcrypt/test/test.c:4429:39:asn_test	104	static
../Middlewares/wolfcrypt/test/test.c:4967:22:sha_kat_test	240	static
../Middlewares/wolfcrypt/test/test.c:5054:22:sha_large_hash_test	1080	static
../Middlewares/wolfcrypt/test/test.c:5116:22:sha_copy_test	56	static
../Middlewares/wolfcrypt/test/test.c:5157:39:sha_test	216	static
../Middlewares/wolfcrypt/test/test.c:5787:22:sha256_kat_test	520	static
../Middlewares/wolfcrypt/test/test.c:5920:22:sha256_large_hash_test	72	static
../Middlewares/wolfcrypt/test/test.c:6028:22:sha256_copy_test	64	static
../Middlewares/wolfcrypt/test/test.c:6070:39:sha256_test	240	static
../Middlewares/wolfcrypt/test/test.c:8678:39:hash_test	192	static
../Middlewares/wolfcrypt/test/test.c:9295:39:hmac_sha_test	480	static
../Middlewares/wolfcrypt/test/test.c:9590:39:hmac_sha256_test	528	static
../Middlewares/wolfcrypt/test/test.c:14320:22:aes_key_size_test	128	static
../Middlewares/wolfcrypt/test/test.c:14458:22:aes_cbc_oneshot_test	104	static
../Middlewares/wolfcrypt/test/test.c:15467:22:aes_cbc_vector_test	40	static
../Middlewares/wolfcrypt/test/test.c:15728:22:aes_cbc_iv_state_test	56	static
../Middlewares/wolfcrypt/test/test.c:15965:39:aes_cbc_test	152	static
../Middlewares/wolfcrypt/test/test.c:16125:39:aes_test	16	static
../Middlewares/wolfcrypt/test/test.c:18314:39:aes192_test	64	static
../Middlewares/wolfcrypt/test/test.c:18435:22:aes256_cbc_vector_test	40	static
../Middlewares/wolfcrypt/test/test.c:18622:39:aes256_test	56	static
../Middlewares/wolfcrypt/test/test.c:18709:22:aesgcm_default_test_helper	192	static
../Middlewares/wolfcrypt/test/test.c:18840:39:aesgcm_default_test	296	static
../Middlewares/wolfcrypt/test/test.c:18953:22:aesgcm_setiv_test	280	static
../Middlewares/wolfcrypt/test/test.c:19065:22:aesgcm_stream_test	24	static
../Middlewares/wolfcrypt/test/test.c:19334:22:aesgcm_non12iv_test	240	static
../Middlewares/wolfcrypt/test/test.c:19649:22:aesgcm_offtag_test	232	static
../Middlewares/wolfcrypt/test/test.c:19751:22:aesgcm_aes128_vector_test	144	static
../Middlewares/wolfcrypt/test/test.c:19835:22:aesgcm_aes256_vector_test	232	static
../Middlewares/wolfcrypt/test/test.c:19942:22:aesgcm_aes256_large_test	248	static
../Middlewares/wolfcrypt/test/test.c:20239:39:aesgcm_test	24	static
../Middlewares/wolfcrypt/test/test.c:20312:22:gmac_vector_test	56	static
../Middlewares/wolfcrypt/test/test.c:20394:22:gmac_verify_test	88	static
../Middlewares/wolfcrypt/test/test.c:20657:39:gmac_test	24	static
../Middlewares/wolfcrypt/test/test.c:23929:22:_rng_test	56	static
../Middlewares/wolfcrypt/test/test.c:24055:22:random_rng_test	56	static
../Middlewares/wolfcrypt/test/test.c:24263:39:random_test	168	static
../Middlewares/wolfcrypt/test/test.c:25132:12:simple_mem_test	32	static
../Middlewares/wolfcrypt/test/test.c:25166:22:const_byte_ptr_test	24	static
../Middlewares/wolfcrypt/test/test.c:25189:39:memory_test	40	static
../Middlewares/wolfcrypt/test/test.c:26492:22:rsa_flatten_test	56	static
../Middlewares/wolfcrypt/test/test.c:26568:22:rsa_export_key_test	112	static
../Middlewares/wolfcrypt/test/test.c:26676:22:rsa_sig_test	72	static
../Middlewares/wolfcrypt/test/test.c:26981:22:rsa_decode_test	40	static
../Middlewares/wolfcrypt/test/test.c:28636:22:rsa_oaep_padding_test	136	static
../Middlewares/wolfcrypt/test/test.c:28868:22:rsa_pkcs1_test	48	static
../Middlewares/wolfcrypt/test/test.c:29328:39:rsa_test	152	static
../Middlewares/wolfcrypt/test/test.c:29701:22:dh_fips_generate_test	576	static
../Middlewares/wolfcrypt/test/test.c:29934:22:dh_generate_test	64	static
../Middlewares/wolfcrypt/test/test.c:30065:22:dh_test_check_pubvalue	144	static
../Middlewares/wolfcrypt/test/test.c:30439:22:dh_keyagree_test	56	static
../Middlewares/wolfcrypt/test/test.c:30519:22:dh_agree_ct_test	56	static
../Middlewares/wolfcrypt/test/test.c:30678:22:dh_set_check_key_test	56	static
../Middlewares/wolfcrypt/test/test.c:30696:39:dh_test	200	static
../Middlewares/wolfcrypt/test/test.c:37703:22:ecc_test_vector_item	96	static
../Middlewares/wolfcrypt/test/test.c:37830:22:ecc_test_vector	72	static
../Middlewares/wolfcrypt/test/test.c:38887:22:ecc_test_make_pub	80	static
../Middlewares/wolfcrypt/test/test.c:39178:22:ecc_test_key_decode	48	static
../Middlewares/wolfcrypt/test/test.c:39259:22:ecc_test_key_gen	56	static
../Middlewares/wolfcrypt/test/test.c:39366:22:ecc_test_curve_size	120	static
../Middlewares/wolfcrypt/test/test.c:39860:22:ecc_test_curve	40	static
../Middlewares/wolfcrypt/test/test.c:39947:22:ecc_point_test	232	static
../Middlewares/wolfcrypt/test/test.c:40204:22:ecc_sig_test	168	static
../Middlewares/wolfcrypt/test/test.c:40264:22:ecc_exp_imp_test	440	static
../Middlewares/wolfcrypt/test/test.c:40380:22:ecc_mulmod_test	56	static
../Middlewares/wolfcrypt/test/test.c:40468:22:ecc_ssh_test	152	static
../Middlewares/wolfcrypt/test/test.c:40515:22:ecc_def_curve_test	32	static
../Middlewares/wolfcrypt/test/test.c:41795:22:ecc_test_allocator	24	static
../Middlewares/wolfcrypt/test/test.c:42321:12:ecc_test_raw_enc_dec	96	static
../Middlewares/wolfcrypt/test/test.c:42370:22:ecc_test_all_curves	24	static
../Middlewares/wolfcrypt/test/test.c:42521:39:ecc_test	32	static
../Middlewares/wolfcrypt/test/test.c:43541:22:ecc_buffers_sign_verify_test	48	static
../Middlewares/wolfcrypt/test/test.c:43598:39:ecc_test_buffers	640	static
../Middlewares/wolfcrypt/test/test.c:71770:39:logging_test	16	static
../Middlewares/wolfcrypt/test/test.c:71840:39:mutex_test	16	static
../Middlewares/wolfcrypt/test/test.c:74976:15:time_cb	16	static
../Middlewares/wolfcrypt/test/test.c:74985:39:time_test	16	static
../Middlewares/wolfcrypt/test/test.c:75816:13:print_fiducials	16	static
