C:/Users/mraihi.imr/Downloads/can-main/can-main/Middlewares/wolfssl/wolfcrypt/wc_port.h:678:40:wolfSSL_Atomic_Int_FetchSub	24	static
C:/Users/mraihi.imr/Downloads/can-main/can-main/Middlewares/wolfssl/wolfcrypt/types.h:498:45:WC_WUR_INT	16	static
C:/Users/mraihi.imr/Downloads/can-main/can-main/Middlewares/wolfcrypt/src/misc.c:109:37:rotlFixed	16	static
C:/Users/mraihi.imr/Downloads/can-main/can-main/Middlewares/wolfcrypt/src/misc.c:139:33:ByteReverseWord32	16	static
C:/Users/mraihi.imr/Downloads/can-main/can-main/Middlewares/wolfcrypt/src/misc.c:591:31:ForceZero	24	static
C:/Users/mraihi.imr/Downloads/can-main/can-main/Middlewares/wolfcrypt/src/misc.c:626:30:ConstantCompare	32	static
C:/Users/mraihi.imr/Downloads/can-main/can-main/Middlewares/wolfcrypt/src/misc.c:649:31:ctMaskGT	16	static
C:/Users/mraihi.imr/Downloads/can-main/can-main/Middlewares/wolfcrypt/src/misc.c:655:31:ctMaskGTE	16	static
C:/Users/mraihi.imr/Downloads/can-main/can-main/Middlewares/wolfcrypt/src/misc.c:661:30:ctMaskIntGTE	16	static
C:/Users/mraihi.imr/Downloads/can-main/can-main/Middlewares/wolfcrypt/src/misc.c:668:33:ctMaskWord32GTE	32	static
C:/Users/mraihi.imr/Downloads/can-main/can-main/Middlewares/wolfcrypt/src/misc.c:675:31:ctMaskLT	16	static
C:/Users/mraihi.imr/Downloads/can-main/can-main/Middlewares/wolfcrypt/src/misc.c:681:31:ctMaskLTE	16	static
C:/Users/mraihi.imr/Downloads/can-main/can-main/Middlewares/wolfcrypt/src/misc.c:729:31:ctMaskSel	16	static
C:/Users/mraihi.imr/Downloads/can-main/can-main/Middlewares/wolfcrypt/src/misc.c:756:31:ctMaskCopy	32	static
C:/Users/mraihi.imr/Downloads/can-main/can-main/Middlewares/wolfcrypt/src/misc.c:773:37:min	24	static
C:/Users/mraihi.imr/Downloads/can-main/can-main/Middlewares/wolfcrypt/src/misc.c:806:31:c32to24	16	static
C:/Users/mraihi.imr/Downloads/can-main/can-main/Middlewares/wolfcrypt/src/misc.c:814:31:c16toa	16	static
C:/Users/mraihi.imr/Downloads/can-main/can-main/Middlewares/wolfcrypt/src/misc.c:821:31:c32toa	16	static
C:/Users/mraihi.imr/Downloads/can-main/can-main/Middlewares/wolfcrypt/src/misc.c:838:31:c24to32	16	static
C:/Users/mraihi.imr/Downloads/can-main/can-main/Middlewares/wolfcrypt/src/misc.c:853:31:ato16	16	static
../Middlewares/src/internal.c:624:5:IsTLS	16	static
../Middlewares/src/internal.c:636:5:IsTLS_ex	16	static
../Middlewares/src/internal.c:649:5:IsAtLeastTLSv1_2	16	static
../Middlewares/src/internal.c:661:5:IsAtLeastTLSv1_3	24	static
../Middlewares/src/internal.c:674:5:IsEncryptionOn	16	static
../Middlewares/src/internal.c:2319:6:InitSSL_Method	16	static
../Middlewares/src/internal.c:2639:5:InitSSL_Ctx	32	static
../Middlewares/src/internal.c:2984:6:SSL_CtxResourceFree	40	static
../Middlewares/src/internal.c:3165:6:FreeSSL_Ctx	40	static
../Middlewares/src/internal.c:3220:6:InitCiphers	16	static
../Middlewares/src/internal.c:3264:13:FreeCiphersSide	32	static
../Middlewares/src/internal.c:3324:6:FreeCiphers	16	static
../Middlewares/src/internal.c:3358:6:InitCipherSpecs	16	static
../Middlewares/src/internal.c:3410:23:AddSuiteHashSigAlgo	32	static
../Middlewares/src/internal.c:3513:6:InitSuitesHashSigAlgo	40	static
../Middlewares/src/internal.c:3637:5:AllocateCtxSuites	16	static
../Middlewares/src/internal.c:3652:5:AllocateSuites	16	static
../Middlewares/src/internal.c:3669:6:InitSuites	56	static
../Middlewares/src/internal.c:4753:6:DecodeSigAlg	24	static
../Middlewares/src/internal.c:4860:18:HashAlgoToType	16	static
../Middlewares/src/internal.c:4901:6:InitX509Name	24	static
../Middlewares/src/internal.c:4914:6:FreeX509Name	24	static
../Middlewares/src/internal.c:4944:6:InitX509	24	static
../Middlewares/src/internal.c:4968:6:FreeX509	24	static
../Middlewares/src/internal.c:5098:23:EncodeSigAlg	16	static
../Middlewares/src/internal.c:5151:13:SetDigest	16	static
../Middlewares/src/internal.c:5198:8:MacSize	24	static
../Middlewares/src/internal.c:5214:12:TypeHash	16	static
../Middlewares/src/internal.c:5281:5:RsaSign	40	static
../Middlewares/src/internal.c:5366:5:RsaVerify	32	static
../Middlewares/src/internal.c:5446:5:VerifyRsaSign	32	static
../Middlewares/src/internal.c:5586:5:RsaDec	40	static
../Middlewares/src/internal.c:5651:5:RsaEnc	40	static
../Middlewares/src/internal.c:5718:5:EccSign	40	static
../Middlewares/src/internal.c:5779:5:EccVerify	40	static
../Middlewares/src/internal.c:5853:5:EccSharedSecret	32	static
../Middlewares/src/internal.c:5914:5:EccMakeKey	40	static
../Middlewares/src/internal.c:6705:5:DhGenKeyPair	40	static
../Middlewares/src/internal.c:6750:5:DhAgree	48	static
../Middlewares/src/internal.c:6893:13:InitSuites_EitherSide	72	static
../Middlewares/src/internal.c:6912:6:InitSSL_CTX_Suites	80	static
../Middlewares/src/internal.c:6936:5:InitSSL_Suites	88	static
../Middlewares/src/internal.c:7052:5:SetSSL_CTX	104	static
../Middlewares/src/internal.c:7482:5:InitHandshakeHashes	24	static
../Middlewares/src/internal.c:7553:6:Free_HS_Hashes	24	static
../Middlewares/src/internal.c:7590:6:FreeHandshakeHashes	16	static
../Middlewares/src/internal.c:7597:5:InitHandshakeHashesAndCopy	32	static
../Middlewares/src/internal.c:7681:5:ReinitSSL	32	static
../Middlewares/src/internal.c:7759:5:InitSSL	32	static
../Middlewares/src/internal.c:8328:6:FreeArrays	32	static
../Middlewares/src/internal.c:8349:6:FreeKey	32	static
../Middlewares/src/internal.c:8441:5:AllocKey	40	static
../Middlewares/src/internal.c:8689:12:ReuseKey	32	static
../Middlewares/src/internal.c:8761:6:FreeAsyncCtx	24	static
../Middlewares/src/internal.c:8782:6:FreeKeyExchange	24	static
../Middlewares/src/internal.c:8819:6:FreeSuites	24	static
../Middlewares/src/internal.c:8843:6:wolfSSL_ResourceFree	48	static
../Middlewares/src/internal.c:9264:6:FreeHandshakeResources	40	static
../Middlewares/src/internal.c:9538:6:FreeSSL	24	static
../Middlewares/src/internal.c:9558:23:GetSEQIncrement	24	static
../Middlewares/src/internal.c:9660:6:WriteSEQ	32	static
../Middlewares/src/internal.c:10826:5:HashRaw	32	static
../Middlewares/src/internal.c:10915:5:HashOutput	32	static
../Middlewares/src/internal.c:10962:5:HashInput	32	static
../Middlewares/src/internal.c:10991:13:AddRecordHeader	32	static
../Middlewares/src/internal.c:11053:13:AddHandShakeHeader	32	static
../Middlewares/src/internal.c:11086:29:AddHeaders	40	static
../Middlewares/src/internal.c:11107:29:AddFragHeaders	40	static
../Middlewares/src/internal.c:11139:28:SendHandshakeMsg	88	static
../Middlewares/src/internal.c:11305:12:wolfSSLReceive	40	static
../Middlewares/src/internal.c:11422:6:ShrinkOutputBuffer	24	static
../Middlewares/src/internal.c:11440:6:ShrinkInputBuffer	24	static
../Middlewares/src/internal.c:11468:5:SendBuffered	32	static
../Middlewares/src/internal.c:11636:7:GetOutputBuffer	16	static
../Middlewares/src/internal.c:11644:22:GrowOutputBuffer	40	static
../Middlewares/src/internal.c:11719:5:GrowInputBuffer	40	static
../Middlewares/src/internal.c:11802:5:CheckAvailableSize	16	static
../Middlewares/src/internal.c:11849:5:MsgCheckEncryption	16	static
../Middlewares/src/internal.c:11958:22:isLastMsg	16	static
../Middlewares/src/internal.c:11966:12:MsgCheckBoundary	24	static
../Middlewares/src/internal.c:12092:5:GetHandshakeHeader	32	static
../Middlewares/src/internal.c:12121:5:EarlySanityCheckMsgReceived	32	static
../Middlewares/src/internal.c:12154:12:RecordsCanSpanReads	16	static
../Middlewares/src/internal.c:12402:12:GetRecordHeader	32	static
../Middlewares/src/internal.c:12740:12:BuildFinished	32	static
../Middlewares/src/internal.c:12769:5:CipherRequires	16	static
../Middlewares/src/internal.c:13460:12:LabelIsALabel	24	static
../Middlewares/src/internal.c:13471:12:NameHasALabel	24	static
../Middlewares/src/internal.c:13492:12:PatternHasWildcardInALabel	32	static
../Middlewares/src/internal.c:13526:5:MatchDomainName	48	static
../Middlewares/src/internal.c:13680:5:CheckForAltNames	56	static
../Middlewares/src/internal.c:13784:5:CheckHostName	40	static
../Middlewares/src/internal.c:13822:5:CheckIPAddr	24	static
../Middlewares/src/internal.c:13830:29:AddSessionCertToChain	24	static
../Middlewares/src/internal.c:14897:6:DoCertFatalAlert	24	static
../Middlewares/src/internal.c:14947:5:SetupStoreCtxCallback	40	static
../Middlewares/src/internal.c:15079:6:CleanupStoreCtxCallback	32	static
../Middlewares/src/internal.c:15116:5:DoVerifyCallback	72	static
../Middlewares/src/internal.c:15348:13:FreeProcPeerCertArgs	32	static
../Middlewares/src/internal.c:15575:12:ProcessPeerCertParse	56	static
../Middlewares/src/internal.c:15769:12:ProcessPeerCertCheckKey	24	static
../Middlewares/src/internal.c:15997:5:ProcessPeerCerts	104	static
../Middlewares/src/internal.c:17818:12:DoCertificate	32	static
../Middlewares/src/internal.c:17854:12:DoCertificateStatus	40	static
../Middlewares/src/internal.c:18037:12:DoHelloRequest	16	static
../Middlewares/src/internal.c:18077:5:DoFinished	32	static
../Middlewares/src/internal.c:18193:12:SanityCheckMsgReceived	24	static
../Middlewares/src/internal.c:18766:5:DoHandShakeMsgType	40	static
../Middlewares/src/internal.c:19143:12:DoHandShakeMsg	80	static
../Middlewares/src/internal.c:19340:5:SendFatalAlertOnly	16	static
../Middlewares/src/internal.c:20594:5:writeAeadAuthData	32	static
../Middlewares/src/internal.c:20642:22:EncryptDo	80	static
../Middlewares/src/internal.c:20957:22:Encrypt	40	static
../Middlewares/src/internal.c:21134:22:DecryptDo	80	static
../Middlewares/src/internal.c:21436:12:DecryptTls	32	static
../Middlewares/src/internal.c:21613:22:CipherHasExpIV	16	static
../Middlewares/src/internal.c:21624:12:SanityCheckCipherText	24	static
../Middlewares/src/internal.c:21942:12:PadCheck	32	static
../Middlewares/src/internal.c:21963:13:MaskPadding	40	static
../Middlewares/src/internal.c:21991:13:MaskMac	96	static
../Middlewares/src/internal.c:22060:5:TimingPadVerify	88	static
../Middlewares/src/internal.c:22096:5:DoApplicationData	48	static
../Middlewares/src/internal.c:22270:13:AlertTypeToString	16	static
../Middlewares/src/internal.c:22495:13:LogAlert	16	static
../Middlewares/src/internal.c:22542:12:DoAlert	32	static
../Middlewares/src/internal.c:22662:12:GetInputData	40	static
../Middlewares/src/internal.c:22797:22:VerifyMac	112	static
../Middlewares/src/internal.c:23033:12:DoDecrypt	32	static
../Middlewares/src/internal.c:23171:12:CheckResumptionConsistency	16	static
../Middlewares/src/internal.c:23212:12:DoProcessReplyEx	48	static
../Middlewares/src/internal.c:24268:5:ProcessReply	16	static
../Middlewares/src/internal.c:24273:5:ProcessReplyEx	24	static
../Middlewares/src/internal.c:24299:5:SendChangeCipher	64	static
../Middlewares/src/internal.c:24655:5:BuildCertHashes	24	static
../Middlewares/src/internal.c:24718:6:FreeBuildMsgArgs	24	static
../Middlewares/src/internal.c:24738:5:BuildMessage	120	static
../Middlewares/src/internal.c:25299:5:SendFinished	120	static
../Middlewares/src/internal.c:25597:5:cipherExtraData	24	static
../Middlewares/src/internal.c:25630:12:BuildMsgOrHashOutput	64	static
../Middlewares/src/internal.c:25706:5:SendCertificate	112	static
../Middlewares/src/internal.c:26028:28:GetServerCertReqCertTypes	24	static
../Middlewares/src/internal.c:26077:28:HashSigAlgoCoverage	24	static
../Middlewares/src/internal.c:26119:29:GetServerCertReqHashSigAlgo	64	static
../Middlewares/src/internal.c:26156:28:InServerCertReqHashSigAlgo	152	static
../Middlewares/src/internal.c:26172:5:SendCertificateRequest	192	static
../Middlewares/src/internal.c:26428:5:SendCertificateStatus	24	static
../Middlewares/src/internal.c:26698:5:IsSCR	16	static
../Middlewares/src/internal.c:26850:12:ssl_in_handshake	16	static
../Middlewares/src/internal.c:26886:5:SendData	88	static
../Middlewares/src/internal.c:27287:5:ReceiveData	40	static
../Middlewares/src/internal.c:27465:12:SendAlert_ex	80	static
../Middlewares/src/internal.c:27648:5:RetrySendAlert	32	static
../Middlewares/src/internal.c:27677:5:SendAlert	32	static
../Middlewares/src/internal.c:27788:13:wolfSSL_ERR_reason_error_string	24	static
../Middlewares/src/internal.c:28393:13:wolfSSL_ERR_func_error_string	16	static
../Middlewares/src/internal.c:28407:13:wolfSSL_ERR_lib_error_string	24	static
../Middlewares/src/internal.c:28429:6:SetErrorString	16	static
../Middlewares/src/internal.c:28971:24:GetCipherNames	4	static
../Middlewares/src/internal.c:28978:5:GetCipherNamesSize	4	static
../Middlewares/src/internal.c:28988:13:GetCipherNameInternal	24	static
../Middlewares/src/internal.c:29315:13:GetCipherNameIana	24	static
../Middlewares/src/internal.c:29340:13:wolfSSL_get_cipher_name_internal	16	static
../Middlewares/src/internal.c:29349:13:wolfSSL_get_cipher_name_iana	16	static
../Middlewares/src/internal.c:29358:5:GetCipherSuiteFromName	48	static
../Middlewares/src/internal.c:29508:12:ParseCipherList	176	static
../Middlewares/src/internal.c:30040:5:SetCipherList_ex	40	static
../Middlewares/src/internal.c:30069:5:SetCipherList	24	static
../Middlewares/src/internal.c:30397:12:MatchSigAlgo	16	static
../Middlewares/src/internal.c:30514:13:MinHashAlgo	16	static
../Middlewares/src/internal.c:30542:12:SupportedHashSigAlgo	24	static
../Middlewares/src/internal.c:30568:5:PickHashSigAlgo	40	static
../Middlewares/src/internal.c:31150:12:DecodePrivateKey_ex	40	static
../Middlewares/src/internal.c:31650:5:DecodePrivateKey	72	static
../Middlewares/src/internal.c:31717:12:SigAlgoCachesMsgs	24	static
../Middlewares/src/internal.c:31748:12:HashSkeData	64	static
../Middlewares/src/internal.c:31824:12:DhSetKey	56	static
../Middlewares/src/internal.c:31891:9:HaveUniqueSessionObj	24	static
../Middlewares/src/internal.c:31908:9:SendClientHello	56	static
../Middlewares/src/internal.c:32155:9:DoHelloVerifyRequest	32	static
../Middlewares/src/internal.c:32218:26:DSH_CheckSessionId	24	static
../Middlewares/src/internal.c:32254:9:CheckVersion	24	static
../Middlewares/src/internal.c:32399:9:DoServerHello	72	static
../Middlewares/src/internal.c:32652:9:CompleteServerHello	32	static
../Middlewares/src/internal.c:32738:9:VerifyClientSuite	16	static
../Middlewares/src/internal.c:32762:16:DoCertificateRequest	32	static
../Middlewares/src/internal.c:32980:16:CheckCurveId	24	static
../Middlewares/src/internal.c:33079:13:FreeDskeArgs	24	static
../Middlewares/src/internal.c:33094:12:GetDhPublicKey	96	static
../Middlewares/src/internal.c:33347:12:GetEcDiffieHellmanKea	56	static
../Middlewares/src/internal.c:33537:12:DoServerKeyExchange	104	static
../Middlewares/src/internal.c:34268:13:FreeSckeArgs	32	static
../Middlewares/src/internal.c:34280:12:EcExportHsKey	32	static
../Middlewares/src/internal.c:34327:12:EcMakeKey	32	static
../Middlewares/src/internal.c:34418:5:SendClientKeyExchange	96	static
../Middlewares/src/internal.c:35316:13:FreeScvArgs	32	static
../Middlewares/src/internal.c:35331:5:SendCertificateVerify	88	static
../Middlewares/src/internal.c:36056:12:GetCurveByOID	16	static
../Middlewares/src/internal.c:36192:9:TranslateErrorToAlert	16	static
../Middlewares/src/internal.c:36224:9:FindSuite	24	static
../Middlewares/src/internal.c:36272:16:getSessionID	24	static
../Middlewares/src/internal.c:36296:9:SendServerHello	56	static
../Middlewares/src/internal.c:36471:17:SetCurveId	16	static
../Middlewares/src/internal.c:36507:17:FreeSskeArgs	32	static
../Middlewares/src/internal.c:36535:17:SetSendSzWithDtlsExtra	16	static
../Middlewares/src/internal.c:36549:16:AllocArgsInput	16	static
../Middlewares/src/internal.c:36586:16:ExportEccTempKey	24	static
../Middlewares/src/internal.c:36636:16:AddCurveId	24	static
../Middlewares/src/internal.c:36674:16:ReEncodeSig	32	static
../Middlewares/src/internal.c:36700:16:SetKeyTypeAndDecodePrivateKey	24	static
../Middlewares/src/internal.c:36762:16:SKE_DhPubLength	16	static
../Middlewares/src/internal.c:36770:16:SKE_AddDhPub	24	static
../Middlewares/src/internal.c:36810:16:EncodeSigAlgAndGetHashType	24	static
../Middlewares/src/internal.c:36836:9:SendServerKeyExchange	112	static
../Middlewares/src/internal.c:38008:16:VerifyServerSuite	32	static
../Middlewares/src/internal.c:38158:10:refineSuites	344	static
../Middlewares/src/internal.c:38218:10:sslRefineSuites	16	static
../Middlewares/src/internal.c:38226:16:CompareSuites	40	static
../Middlewares/src/internal.c:38251:9:MatchSuite_ex	56	static
../Middlewares/src/internal.c:38293:9:MatchSuite	32	static
../Middlewares/src/internal.c:38577:9:HandleTlsResumption	32	static
../Middlewares/src/internal.c:38754:9:DoClientHello	168	static
../Middlewares/src/internal.c:39493:17:FreeDcvArgs	24	static
../Middlewares/src/internal.c:39502:16:DoCertificateVerify	96	static
../Middlewares/src/internal.c:39988:9:SendServerHelloDone	40	static
../Middlewares/src/internal.c:42042:17:FreeDckeArgs	24	static
../Middlewares/src/internal.c:42074:16:ImportPeerECCKey	48	static
../Middlewares/src/internal.c:42273:16:DoClientKeyExchange	152	static
../Middlewares/src/internal.c:43258:5:wolfssl_local_GetRecordSize	64	static
../Middlewares/src/internal.c:43320:5:wolfssl_local_GetMaxPlaintextSize	24	static
../Middlewares/src/internal.c:43385:5:wolfSSL_GetMaxFragSize	24	static
../Middlewares/src/internal.c:44060:6:wolfssl_local_MaybeCheckAlertOnErr	16	static
