C:/Users/mraihi.imr/Downloads/can-main/can-main/Middlewares/wolfssl/wolfcrypt/wc_port.h:670:40:wolfSSL_Atomic_Int_FetchAdd	24	static
C:/Users/mraihi.imr/Downloads/can-main/can-main/Middlewares/wolfssl/wolfcrypt/wc_port.h:678:40:wolfSSL_Atomic_Int_FetchSub	24	static
C:/Users/mraihi.imr/Downloads/can-main/can-main/Middlewares/wolfcrypt/src/misc.c:591:31:ForceZero	24	static
C:/Users/mraihi.imr/Downloads/can-main/can-main/Middlewares/wolfcrypt/src/misc.c:668:33:ctMaskWord32GTE	32	static
C:/Users/mraihi.imr/Downloads/can-main/can-main/Middlewares/wolfcrypt/src/misc.c:773:37:min	24	static
C:/Users/mraihi.imr/Downloads/can-main/can-main/Middlewares/wolfcrypt/src/misc.c:806:31:c32to24	16	static
C:/Users/mraihi.imr/Downloads/can-main/can-main/Middlewares/wolfcrypt/src/misc.c:1288:33:MakeWordFromHash	16	static
C:/Users/mraihi.imr/Downloads/can-main/can-main/Middlewares/src/ssl_misc.c:328:13:static_buffer_init	16	static
C:/Users/mraihi.imr/Downloads/can-main/can-main/Middlewares/src/ssl_misc.c:345:12:static_buffer_set_size	32	static
C:/Users/mraihi.imr/Downloads/can-main/can-main/Middlewares/src/ssl_misc.c:370:13:static_buffer_free	32	static
C:/Users/mraihi.imr/Downloads/can-main/can-main/Middlewares/src/ssl_certman.c:41:34:cm_pick_method	16	static
C:/Users/mraihi.imr/Downloads/can-main/can-main/Middlewares/src/ssl_certman.c:85:23:wolfSSL_CertManagerNew_ex	24	static
C:/Users/mraihi.imr/Downloads/can-main/can-main/Middlewares/src/ssl_certman.c:180:23:wolfSSL_CertManagerNew	8	static
C:/Users/mraihi.imr/Downloads/can-main/can-main/Middlewares/src/ssl_certman.c:194:13:DoCertManagerFree	24	static
C:/Users/mraihi.imr/Downloads/can-main/can-main/Middlewares/src/ssl_certman.c:247:6:wolfSSL_CertManagerFree	32	static
C:/Users/mraihi.imr/Downloads/can-main/can-main/Middlewares/src/ssl_certman.c:277:5:wolfSSL_CertManager_up_ref	24	static
C:/Users/mraihi.imr/Downloads/can-main/can-main/Middlewares/src/ssl_certman.c:465:5:wolfSSL_CertManagerUnloadCAs	24	static
C:/Users/mraihi.imr/Downloads/can-main/can-main/Middlewares/src/ssl_certman.c:490:5:wolfSSL_CertManagerUnloadTypeCerts	24	static
C:/Users/mraihi.imr/Downloads/can-main/can-main/Middlewares/src/ssl_certman.c:526:5:wolfSSL_CertManagerUnloadIntermediateCerts	16	static
C:/Users/mraihi.imr/Downloads/can-main/can-main/Middlewares/src/ssl_certman.c:591:5:wolfSSL_CertManagerLoadCABufferType	64	static
C:/Users/mraihi.imr/Downloads/can-main/can-main/Middlewares/src/ssl_certman.c:699:5:wolfSSL_CertManagerLoadCABuffer_ex	40	static
C:/Users/mraihi.imr/Downloads/can-main/can-main/Middlewares/src/ssl_certman.c:719:5:wolfSSL_CertManagerLoadCABuffer	32	static
C:/Users/mraihi.imr/Downloads/can-main/can-main/Middlewares/src/ssl_certman.c:732:6:wolfSSL_CertManagerSetVerify	16	static
C:/Users/mraihi.imr/Downloads/can-main/can-main/Middlewares/src/ssl_certman.c:770:5:CM_VerifyBuffer_ex	80	static
C:/Users/mraihi.imr/Downloads/can-main/can-main/Middlewares/src/ssl_certman.c:901:5:wolfSSL_CertManagerVerifyBuffer	40	static
C:/Users/mraihi.imr/Downloads/can-main/can-main/Middlewares/src/ssl_certman.c:1725:5:wolfSSL_CertManagerEnableCRL	24	static
C:/Users/mraihi.imr/Downloads/can-main/can-main/Middlewares/src/ssl_certman.c:1807:5:wolfSSL_CertManagerDisableCRL	24	static
C:/Users/mraihi.imr/Downloads/can-main/can-main/Middlewares/src/ssl_certman.c:2147:5:wolfSSL_CertManagerEnableOCSP	24	static
C:/Users/mraihi.imr/Downloads/can-main/can-main/Middlewares/src/ssl_certman.c:2222:5:wolfSSL_CertManagerDisableOCSP	24	static
C:/Users/mraihi.imr/Downloads/can-main/can-main/Middlewares/src/ssl_certman.c:2252:5:wolfSSL_CertManagerEnableOCSPStapling	24	static
C:/Users/mraihi.imr/Downloads/can-main/can-main/Middlewares/src/ssl_certman.c:2320:5:wolfSSL_CertManagerDisableOCSPStapling	24	static
C:/Users/mraihi.imr/Downloads/can-main/can-main/Middlewares/src/ssl_certman.c:2350:5:wolfSSL_CertManagerEnableOCSPMustStaple	24	static
C:/Users/mraihi.imr/Downloads/can-main/can-main/Middlewares/src/ssl_certman.c:2382:5:wolfSSL_CertManagerDisableOCSPMustStaple	24	static
C:/Users/mraihi.imr/Downloads/can-main/can-main/Middlewares/src/ssl_certman.c:2577:25:HashSigner	16	static
C:/Users/mraihi.imr/Downloads/can-main/can-main/Middlewares/src/ssl_certman.c:2584:5:AlreadySigner	32	static
C:/Users/mraihi.imr/Downloads/can-main/can-main/Middlewares/src/ssl_certman.c:2732:9:GetCA	40	static
C:/Users/mraihi.imr/Downloads/can-main/can-main/Middlewares/src/ssl_certman.c:2845:9:GetCAByName	32	static
C:/Users/mraihi.imr/Downloads/can-main/can-main/Middlewares/src/ssl_certman.c:2987:5:AddSigner	32	static
C:/Users/mraihi.imr/Downloads/can-main/can-main/Middlewares/src/ssl_certman.c:3023:5:AddCA	56	static
C:/Users/mraihi.imr/Downloads/can-main/can-main/Middlewares/src/ssl_certman.c:3295:5:RemoveCA	48	static
C:/Users/mraihi.imr/Downloads/can-main/can-main/Middlewares/src/ssl_certman.c:3343:5:SetCAType	40	static
C:/Users/mraihi.imr/Downloads/can-main/can-main/Middlewares/src/ssl_sess.c:2508:18:ClientSessionToSession	16	static
C:/Users/mraihi.imr/Downloads/can-main/can-main/Middlewares/src/ssl_sess.c:2514:18:wolfSSL_GetSession	24	static
C:/Users/mraihi.imr/Downloads/can-main/can-main/Middlewares/src/ssl_sess.c:3668:6:SetupSession	24	static
C:/Users/mraihi.imr/Downloads/can-main/can-main/Middlewares/src/ssl_sess.c:3787:18:wolfSSL_NewSession	24	static
C:/Users/mraihi.imr/Downloads/can-main/can-main/Middlewares/src/ssl_sess.c:3838:18:wolfSSL_SESSION_new_ex	16	static
C:/Users/mraihi.imr/Downloads/can-main/can-main/Middlewares/src/ssl_sess.c:3843:18:wolfSSL_SESSION_new	8	static
C:/Users/mraihi.imr/Downloads/can-main/can-main/Middlewares/src/ssl_sess.c:3850:5:wolfSSL_SESSION_up_ref	24	static
C:/Users/mraihi.imr/Downloads/can-main/can-main/Middlewares/src/ssl_sess.c:3889:12:wolfSSL_DupSessionEx	32	static
C:/Users/mraihi.imr/Downloads/can-main/can-main/Middlewares/src/ssl_sess.c:4135:5:wolfSSL_DupSession	32	static
C:/Users/mraihi.imr/Downloads/can-main/can-main/Middlewares/src/ssl_sess.c:4141:18:wolfSSL_SESSION_dup	24	static
C:/Users/mraihi.imr/Downloads/can-main/can-main/Middlewares/src/ssl_sess.c:4167:6:wolfSSL_FreeSession	32	static
C:/Users/mraihi.imr/Downloads/can-main/can-main/Middlewares/src/ssl_sess.c:4243:6:wolfSSL_SESSION_free	16	static
C:/Users/mraihi.imr/Downloads/can-main/can-main/Middlewares/src/ssl_sess.c:4276:13:wolfSSL_SESSION_CIPHER_get_name	16	static
C:/Users/mraihi.imr/Downloads/can-main/can-main/Middlewares/src/ssl_api_cert.c:41:5:wolfSSL_CTX_mutual_auth	16	static
C:/Users/mraihi.imr/Downloads/can-main/can-main/Middlewares/src/ssl_api_cert.c:63:5:wolfSSL_mutual_auth	16	static
C:/Users/mraihi.imr/Downloads/can-main/can-main/Middlewares/src/ssl_api_cert.c:82:23:wolfSSL_CTX_GetCertManager	24	static
C:/Users/mraihi.imr/Downloads/can-main/can-main/Middlewares/src/ssl_api_cert.c:100:6:wolfSSL_CTX_set_verify_depth	16	static
C:/Users/mraihi.imr/Downloads/can-main/can-main/Middlewares/src/ssl_api_cert.c:120:6:wolfSSL_CTX_get_verify_depth	24	static
C:/Users/mraihi.imr/Downloads/can-main/can-main/Middlewares/src/ssl_api_cert.c:146:6:wolfSSL_get_verify_depth	24	static
C:/Users/mraihi.imr/Downloads/can-main/can-main/Middlewares/src/ssl_api_cert.c:456:25:ModeToVerifyOptions	24	static
C:/Users/mraihi.imr/Downloads/can-main/can-main/Middlewares/src/ssl_api_cert.c:490:18:wolfSSL_CTX_set_verify	32	static
C:/Users/mraihi.imr/Downloads/can-main/can-main/Middlewares/src/ssl_api_cert.c:539:6:wolfSSL_set_verify	32	static
C:/Users/mraihi.imr/Downloads/can-main/can-main/Middlewares/src/ssl_api_cert.c:566:6:wolfSSL_set_verify_result	16	static
C:/Users/mraihi.imr/Downloads/can-main/can-main/Middlewares/src/ssl_api_cert.c:586:6:wolfSSL_CTX_SetCertCbCtx	16	static
C:/Users/mraihi.imr/Downloads/can-main/can-main/Middlewares/src/ssl_api_cert.c:601:6:wolfSSL_SetCertCbCtx	16	static
C:/Users/mraihi.imr/Downloads/can-main/can-main/Middlewares/src/ssl_api_cert.c:618:6:wolfSSL_CTX_SetCACb	16	static
C:/Users/mraihi.imr/Downloads/can-main/can-main/Middlewares/src/ssl_api_cert.c:856:5:wolfSSL_UnloadCertsKeys	24	static
C:/Users/mraihi.imr/Downloads/can-main/can-main/Middlewares/src/ssl_api_cert.c:920:5:wolfSSL_CTX_UnloadCAs	24	static
C:/Users/mraihi.imr/Downloads/can-main/can-main/Middlewares/src/ssl_api_cert.c:944:5:wolfSSL_CTX_UnloadIntermediateCerts	24	static
C:/Users/mraihi.imr/Downloads/can-main/can-main/Middlewares/src/ssl_api_pk.c:203:12:check_cert_key	56	static
C:/Users/mraihi.imr/Downloads/can-main/can-main/Middlewares/src/ssl_api_pk.c:349:5:wolfSSL_CTX_check_private_key	56	static
C:/Users/mraihi.imr/Downloads/can-main/can-main/Middlewares/src/ssl_api_pk.c:634:5:wolfSSL_CTX_SetTmpEC_DHE_Sz	24	static
C:/Users/mraihi.imr/Downloads/can-main/can-main/Middlewares/src/ssl_api_pk.c:691:5:wolfSSL_SetTmpEC_DHE_Sz	24	static
C:/Users/mraihi.imr/Downloads/can-main/can-main/Middlewares/src/ssl_api_pk.c:1621:5:wolfSSL_CTX_SetMinEccKey_Sz	24	static
C:/Users/mraihi.imr/Downloads/can-main/can-main/Middlewares/src/ssl_api_pk.c:1662:5:wolfSSL_SetMinEccKey_Sz	24	static
C:/Users/mraihi.imr/Downloads/can-main/can-main/Middlewares/src/ssl_api_pk.c:1703:5:wolfSSL_CTX_SetMinRsaKey_Sz	16	static
C:/Users/mraihi.imr/Downloads/can-main/can-main/Middlewares/src/ssl_api_pk.c:1733:5:wolfSSL_SetMinRsaKey_Sz	16	static
C:/Users/mraihi.imr/Downloads/can-main/can-main/Middlewares/src/ssl_api_pk.c:1764:5:wolfSSL_SetEnableDhKeyTest	16	static
C:/Users/mraihi.imr/Downloads/can-main/can-main/Middlewares/src/ssl_api_pk.c:1790:5:wolfSSL_CTX_SetMinDhKey_Sz	16	static
C:/Users/mraihi.imr/Downloads/can-main/can-main/Middlewares/src/ssl_api_pk.c:1817:5:wolfSSL_SetMinDhKey_Sz	16	static
C:/Users/mraihi.imr/Downloads/can-main/can-main/Middlewares/src/ssl_api_pk.c:1843:5:wolfSSL_CTX_SetMaxDhKey_Sz	16	static
C:/Users/mraihi.imr/Downloads/can-main/can-main/Middlewares/src/ssl_api_pk.c:1869:5:wolfSSL_SetMaxDhKey_Sz	16	static
C:/Users/mraihi.imr/Downloads/can-main/can-main/Middlewares/src/ssl_api_pk.c:1893:5:wolfSSL_GetDhKey_Sz	16	static
../Middlewares/src/ssl.c:346:9:wolfssl_get_global_rng	16	static
../Middlewares/src/ssl.c:363:9:wolfssl_make_global_rng	16	static
../Middlewares/src/ssl.c:398:9:wolfssl_make_rng	32	static
C:/Users/mraihi.imr/Downloads/can-main/can-main/Middlewares/src/pk.c:920:12:wolfssl_der_length	32	static
../Middlewares/src/ssl.c:544:14:wolfSSL_CTX_new_ex	40	static
../Middlewares/src/ssl.c:650:14:wolfSSL_CTX_new	16	static
../Middlewares/src/ssl.c:661:5:wolfSSL_CTX_up_ref	24	static
../Middlewares/src/ssl.c:674:6:wolfSSL_CTX_free	16	static
../Middlewares/src/ssl.c:718:5:wolfSSL_CTX_new_rng	32	static
../Middlewares/src/ssl.c:749:10:wolfSSL_new	24	static
../Middlewares/src/ssl.c:792:6:wolfSSL_free	16	static
../Middlewares/src/ssl.c:807:5:wolfSSL_is_server	16	static
../Middlewares/src/ssl.c:1099:5:wolfSSL_set_fd	24	static
../Middlewares/src/ssl.c:1118:5:wolfSSL_set_read_fd	16	static
../Middlewares/src/ssl.c:1142:5:wolfSSL_set_write_fd	16	static
../Middlewares/src/ssl.c:1169:7:wolfSSL_get_cipher_list	24	static
../Middlewares/src/ssl.c:1184:7:wolfSSL_get_cipher_list_ex	24	static
../Middlewares/src/ssl.c:1208:5:wolfSSL_get_ciphers	32	static
../Middlewares/src/ssl.c:1240:5:wolfSSL_get_ciphers_iana	32	static
../Middlewares/src/ssl.c:1275:13:wolfSSL_get_shared_ciphers	40	static
../Middlewares/src/ssl.c:1290:5:wolfSSL_get_fd	24	static
../Middlewares/src/ssl.c:1301:5:wolfSSL_get_wfd	24	static
../Middlewares/src/ssl.c:1368:5:wolfSSL_negotiate	24	static
../Middlewares/src/ssl.c:1408:9:wolfSSL_GetRNG	16	static
../Middlewares/src/ssl.c:1420:5:wolfSSL_GetObjectSize	4	static
../Middlewares/src/ssl.c:1484:5:wolfSSL_CTX_GetObjectSize	4	static
../Middlewares/src/ssl.c:1489:5:wolfSSL_METHOD_GetObjectSize	4	static
../Middlewares/src/ssl.c:1588:5:wolfSSL_GetMaxOutputSize	16	static
../Middlewares/src/ssl.c:1605:5:wolfSSL_GetOutputSize	24	static
../Middlewares/src/ssl.c:1624:12:wolfSSL_write_internal	32	static
../Middlewares/src/ssl.c:1802:5:wolfSSL_write	24	static
../Middlewares/src/ssl.c:1812:5:wolfSSL_inject	40	static
../Middlewares/src/ssl.c:1849:5:wolfSSL_write_ex	32	static
../Middlewares/src/ssl.c:1885:12:wolfSSL_read_internal	32	static
../Middlewares/src/ssl.c:1965:5:wolfSSL_peek	24	static
../Middlewares/src/ssl.c:1977:5:wolfSSL_read	24	static
../Middlewares/src/ssl.c:1998:5:wolfSSL_read_ex	32	static
C:/Users/mraihi.imr/Downloads/can-main/can-main/Middlewares/src/ssl_api_dtls.c:65:5:wolfSSL_dtls	24	static
C:/Users/mraihi.imr/Downloads/can-main/can-main/Middlewares/src/ssl_api_dtls.c:168:5:wolfSSL_dtls_set_peer	24	static
C:/Users/mraihi.imr/Downloads/can-main/can-main/Middlewares/src/ssl_api_dtls.c:265:5:wolfSSL_dtls_get_peer	24	static
C:/Users/mraihi.imr/Downloads/can-main/can-main/Middlewares/src/ssl_api_dtls.c:304:5:wolfSSL_dtls_get0_peer	24	static
C:/Users/mraihi.imr/Downloads/can-main/can-main/Middlewares/src/ssl_api_dtls.c:1105:5:wolfSSL_dtls_get_using_nonblock	24	static
C:/Users/mraihi.imr/Downloads/can-main/can-main/Middlewares/src/ssl_api_dtls.c:1133:6:wolfSSL_dtls_set_using_nonblock	16	static
../Middlewares/src/ssl.c:2027:5:wolfSSL_SetDevId	16	static
../Middlewares/src/ssl.c:2038:5:wolfSSL_CTX_SetDevId	16	static
../Middlewares/src/ssl.c:2050:5:wolfSSL_CTX_GetDevId	24	static
../Middlewares/src/ssl.c:2059:7:wolfSSL_CTX_GetHeap	24	static
../Middlewares/src/ssl.c:2075:5:wolfSSL_send	32	static
../Middlewares/src/ssl.c:2097:5:wolfSSL_recv	32	static
../Middlewares/src/ssl.c:2119:5:wolfSSL_SendUserCanceled	24	static
../Middlewares/src/ssl.c:2141:5:wolfSSL_shutdown	24	static
../Middlewares/src/ssl.c:2265:5:wolfSSL_state	16	static
../Middlewares/src/ssl.c:2276:5:wolfSSL_get_error	16	static
../Middlewares/src/ssl.c:2310:5:wolfSSL_get_alert_history	16	static
../Middlewares/src/ssl.c:2334:5:wolfSSL_want_read	16	static
../Middlewares/src/ssl.c:2344:5:wolfSSL_want_write	16	static
../Middlewares/src/ssl.c:2353:7:wolfSSL_ERR_error_string	16	static
../Middlewares/src/ssl.c:2368:6:wolfSSL_ERR_error_string_n	104	static
../Middlewares/src/ssl.c:2386:6:wolfSSL_KeepArrays	16	static
../Middlewares/src/ssl.c:2394:6:wolfSSL_FreeArrays	16	static
../Middlewares/src/ssl.c:2408:5:wolfSSL_KeepHandshakeResources	16	static
../Middlewares/src/ssl.c:2423:5:wolfSSL_FreeHandshakeResources	16	static
../Middlewares/src/ssl.c:2438:5:wolfSSL_CTX_UseClientSuites	16	static
../Middlewares/src/ssl.c:2453:5:wolfSSL_UseClientSuites	16	static
../Middlewares/src/ssl.c:2464:13:wolfSSL_GetMacSecret	16	static
../Middlewares/src/ssl.c:2483:5:wolfSSL_GetSide	16	static
../Middlewares/src/ssl.c:2795:5:wolfSSL_pending	16	static
../Middlewares/src/ssl.c:2804:5:wolfSSL_has_pending	16	static
../Middlewares/src/ssl.c:2815:5:wolfSSL_CTX_set_group_messages	16	static
../Middlewares/src/ssl.c:2825:5:wolfSSL_CTX_clear_group_messages	16	static
../Middlewares/src/ssl.c:2839:5:wolfSSL_connect_cert	24	static
../Middlewares/src/ssl.c:2857:5:wolfSSL_set_group_messages	16	static
../Middlewares/src/ssl.c:2867:5:wolfSSL_clear_group_messages	16	static
../Middlewares/src/ssl.c:2878:12:SetMinVersionHelper	16	static
../Middlewares/src/ssl.c:2938:5:wolfSSL_CTX_SetMinVersion	16	static
../Middlewares/src/ssl.c:2958:5:wolfSSL_SetMinVersion	16	static
../Middlewares/src/ssl.c:2978:5:wolfSSL_GetVersion	16	static
../Middlewares/src/ssl.c:3017:5:wolfSSL_SetVersion	96	static
../Middlewares/src/ssl.c:3140:5:wolfSSL_Init	16	static
C:/Users/mraihi.imr/Downloads/can-main/can-main/Middlewares/src/ssl_load.c:131:12:DataToDerBuffer	48	static
C:/Users/mraihi.imr/Downloads/can-main/can-main/Middlewares/src/ssl_load.c:188:12:ProcessUserCert	40	static
C:/Users/mraihi.imr/Downloads/can-main/can-main/Middlewares/src/ssl_load.c:236:12:ProcessUserChainRetain	40	static
C:/Users/mraihi.imr/Downloads/can-main/can-main/Middlewares/src/ssl_load.c:288:12:ProcessUserChain	80	static
C:/Users/mraihi.imr/Downloads/can-main/can-main/Middlewares/src/ssl_load.c:393:12:ProcessBufferTryDecodeRsa	40	static
C:/Users/mraihi.imr/Downloads/can-main/can-main/Middlewares/src/ssl_load.c:549:12:ProcessBufferTryDecodeEcc	48	static
C:/Users/mraihi.imr/Downloads/can-main/can-main/Middlewares/src/ssl_load.c:1057:12:ProcessBufferTryDecode	64	static
C:/Users/mraihi.imr/Downloads/can-main/can-main/Middlewares/src/ssl_load.c:1272:12:ProcessBufferPrivKeyHandleDer	32	static
C:/Users/mraihi.imr/Downloads/can-main/can-main/Middlewares/src/ssl_load.c:1366:12:ProcessBufferPrivateKey	40	static
C:/Users/mraihi.imr/Downloads/can-main/can-main/Middlewares/src/ssl_load.c:1446:13:wolfssl_set_have_from_key_oid	24	static
C:/Users/mraihi.imr/Downloads/can-main/can-main/Middlewares/src/ssl_load.c:1523:13:ProcessBufferCertSetHave	24	static
C:/Users/mraihi.imr/Downloads/can-main/can-main/Middlewares/src/ssl_load.c:1640:12:ProcessBufferCertPublicKey	56	static
C:/Users/mraihi.imr/Downloads/can-main/can-main/Middlewares/src/ssl_load.c:2063:12:ProcessBufferCert	56	static
C:/Users/mraihi.imr/Downloads/can-main/can-main/Middlewares/src/ssl_load.c:2140:12:ProcessBufferCertHandleDer	32	static
C:/Users/mraihi.imr/Downloads/can-main/can-main/Middlewares/src/ssl_load.c:2276:12:ProcessBufferCertTypes	40	static
C:/Users/mraihi.imr/Downloads/can-main/can-main/Middlewares/src/ssl_load.c:2322:12:ProcessBufferResetSuites	104	static
C:/Users/mraihi.imr/Downloads/can-main/can-main/Middlewares/src/ssl_load.c:2393:5:ProcessBuffer	88	static
C:/Users/mraihi.imr/Downloads/can-main/can-main/Middlewares/src/ssl_load.c:2590:12:ProcessChainBuffer	64	static
C:/Users/mraihi.imr/Downloads/can-main/can-main/Middlewares/src/ssl_load.c:3768:5:wolfSSL_use_certificate_ASN1	56	static
C:/Users/mraihi.imr/Downloads/can-main/can-main/Middlewares/src/ssl_load.c:3980:5:wolfSSL_CTX_load_verify_buffer_ex	56	static
C:/Users/mraihi.imr/Downloads/can-main/can-main/Middlewares/src/ssl_load.c:4035:5:wolfSSL_CTX_load_verify_buffer	32	static
C:/Users/mraihi.imr/Downloads/can-main/can-main/Middlewares/src/ssl_load.c:4053:5:wolfSSL_CTX_load_verify_chain_buffer_format	32	static
C:/Users/mraihi.imr/Downloads/can-main/can-main/Middlewares/src/ssl_load.c:4119:5:wolfSSL_CTX_use_certificate_buffer	56	static
C:/Users/mraihi.imr/Downloads/can-main/can-main/Middlewares/src/ssl_load.c:4143:5:wolfSSL_CTX_use_PrivateKey_buffer	56	static
C:/Users/mraihi.imr/Downloads/can-main/can-main/Middlewares/src/ssl_load.c:4484:5:wolfSSL_CTX_use_certificate_chain_buffer_format	48	static
C:/Users/mraihi.imr/Downloads/can-main/can-main/Middlewares/src/ssl_load.c:4501:5:wolfSSL_CTX_use_certificate_chain_buffer	24	static
C:/Users/mraihi.imr/Downloads/can-main/can-main/Middlewares/src/ssl_load.c:4524:5:wolfSSL_use_certificate_buffer	56	static
C:/Users/mraihi.imr/Downloads/can-main/can-main/Middlewares/src/ssl_load.c:4554:5:wolfSSL_use_PrivateKey_buffer	56	static
C:/Users/mraihi.imr/Downloads/can-main/can-main/Middlewares/src/ssl_load.c:4828:5:wolfSSL_use_certificate_chain_buffer_format	56	static
C:/Users/mraihi.imr/Downloads/can-main/can-main/Middlewares/src/ssl_load.c:4856:5:wolfSSL_use_certificate_chain_buffer	24	static
C:/Users/mraihi.imr/Downloads/can-main/can-main/Middlewares/src/ssl_load.c:5562:12:wolfssl_set_tmp_dh	112	static
C:/Users/mraihi.imr/Downloads/can-main/can-main/Middlewares/src/ssl_load.c:5637:5:wolfSSL_SetTmpDH	56	static
C:/Users/mraihi.imr/Downloads/can-main/can-main/Middlewares/src/ssl_load.c:5693:12:wolfssl_check_dh_key	80	static
C:/Users/mraihi.imr/Downloads/can-main/can-main/Middlewares/src/ssl_load.c:5737:12:wolfssl_ctx_set_tmp_dh	40	static
C:/Users/mraihi.imr/Downloads/can-main/can-main/Middlewares/src/ssl_load.c:5795:5:wolfSSL_CTX_SetTmpDH	56	static
C:/Users/mraihi.imr/Downloads/can-main/can-main/Middlewares/src/ssl_load.c:5986:12:ws_ctx_ssl_set_tmp_dh	80	static
C:/Users/mraihi.imr/Downloads/can-main/can-main/Middlewares/src/ssl_load.c:6096:5:wolfSSL_SetTmpDH_buffer	32	static
C:/Users/mraihi.imr/Downloads/can-main/can-main/Middlewares/src/ssl_load.c:6115:5:wolfSSL_CTX_SetTmpDH_buffer	32	static
../Middlewares/src/ssl.c:3597:6:wolfSSL_load_error_strings	4	static
../Middlewares/src/ssl.c:3603:5:wolfSSL_library_init	8	static
../Middlewares/src/ssl.c:3952:5:wolfSSL_CTX_set_cipher_list	16	static
../Middlewares/src/ssl.c:3987:5:wolfSSL_set_cipher_list	16	static
../Middlewares/src/ssl.c:4234:21:wolfSSLv23_client_method	8	static
../Middlewares/src/ssl.c:4238:21:wolfSSLv23_client_method_ex	24	static
../Middlewares/src/ssl.c:4269:9:wolfSSL_connect	32	static
../Middlewares/src/ssl.c:4729:21:wolfSSLv23_server_method	8	static
../Middlewares/src/ssl.c:4734:21:wolfSSLv23_server_method_ex	24	static
../Middlewares/src/ssl.c:4768:9:wolfSSL_accept	32	static
../Middlewares/src/ssl.c:5322:5:wolfSSL_SetHsDoneCb	24	static
../Middlewares/src/ssl.c:5338:5:wolfSSL_Cleanup	16	static
../Middlewares/src/ssl.c:5496:5:wolfssl_local_IsValidFQDN	40	static
../Middlewares/src/ssl.c:5558:5:wolfSSL_check_domain_name	32	static
../Middlewares/src/ssl.c:5600:5:wolfSSL_check_ip_address	24	static
../Middlewares/src/ssl.c:5664:5:wolfSSL_set_compression	16	static
../Middlewares/src/ssl.c:6719:9:wolfSSL_is_init_finished	16	static
../Middlewares/src/ssl.c:6762:10:wolfSSL_CTX_get_options	16	static
../Middlewares/src/ssl.c:6774:10:wolfSSL_CTX_set_options	16	static
../Middlewares/src/ssl.c:6800:10:wolfSSL_CTX_clear_options	16	static
../Middlewares/src/ssl.c:7872:9:wolfSSL_clear	16	static
../Middlewares/src/ssl.c:8509:5:wolfSSL_get_shutdown	24	static
../Middlewares/src/ssl.c:8541:5:wolfSSL_session_reused	24	static
../Middlewares/src/ssl.c:8557:20:wolfSSL_internal_get_version	16	static
../Middlewares/src/ssl.c:8599:13:wolfSSL_get_version	16	static
../Middlewares/src/ssl.c:8611:13:wolfSSL_lib_version	4	static
../Middlewares/src/ssl.c:8633:8:wolfSSL_lib_version_hex	4	static
../Middlewares/src/ssl.c:8639:5:wolfSSL_get_current_cipher_suite	16	static
../Middlewares/src/ssl.c:8647:17:wolfSSL_get_current_cipher	16	static
../Middlewares/src/ssl.c:8663:13:wolfSSL_CIPHER_get_name	16	static
../Middlewares/src/ssl.c:8680:14:wolfSSL_CIPHER_get_version	16	static
../Middlewares/src/ssl.c:8691:13:wolfSSL_get_cipher	16	static
../Middlewares/src/ssl.c:8698:13:wolfSSL_get_cipher_name	16	static
../Middlewares/src/ssl.c:8704:13:wolfSSL_get_cipher_name_from_suite	16	static
../Middlewares/src/ssl.c:8710:13:wolfSSL_get_cipher_name_iana_from_suite	16	static
../Middlewares/src/ssl.c:8716:5:wolfSSL_get_cipher_suite_from_name	32	static
../Middlewares/src/ssl.c:8728:8:wolfSSL_CIPHER_get_id	24	static
../Middlewares/src/ssl.c:8742:23:wolfSSL_get_cipher_by_value	24	static
../Middlewares/src/ssl.c:8793:13:wolfSSL_get_curve_name	24	static
../Middlewares/src/ssl.c:10332:13:wolf_set_options	16	static
../Middlewares/src/ssl.c:10386:12:FindHashSig	24	static
../Middlewares/src/ssl.c:10404:6:wolfSSL_set_options	544	static
../Middlewares/src/ssl.c:10533:6:wolfSSL_get_options	16	static
../Middlewares/src/ssl.c:12614:5:wolfSSL_set_ex_data	24	static
../Middlewares/src/ssl.c:12647:7:wolfSSL_get_ex_data	16	static
../Middlewares/src/ssl.c:13343:5:wolfSSL_version	16	static
../Middlewares/src/ssl.c:13377:14:wolfSSL_get_SSL_CTX	16	static
C:/Users/mraihi.imr/Downloads/can-main/can-main/Middlewares/src/ssl_api_ext.c:308:12:isValidCurveGroup	16	static
C:/Users/mraihi.imr/Downloads/can-main/can-main/Middlewares/src/ssl_api_ext.c:386:5:wolfSSL_UseSupportedCurve	16	static
C:/Users/mraihi.imr/Downloads/can-main/can-main/Middlewares/src/ssl_api_ext.c:409:5:wolfSSL_CTX_UseSupportedCurve	16	static
C:/Users/mraihi.imr/Downloads/can-main/can-main/Middlewares/src/x509.c:15693:5:wolfSSL_X509_check_host	48	static
C:/Users/mraihi.imr/Downloads/can-main/can-main/Middlewares/src/x509.c:15774:5:wolfSSL_X509_check_ip_asc	48	static
C:/Users/mraihi.imr/Downloads/can-main/can-main/Middlewares/src/x509_str.c:52:25:wolfSSL_X509_STORE_CTX_new_ex	24	static
C:/Users/mraihi.imr/Downloads/can-main/can-main/Middlewares/src/x509_str.c:82:6:wolfSSL_X509_STORE_CTX_free	24	static
C:/Users/mraihi.imr/Downloads/can-main/can-main/Middlewares/src/x509_str.c:994:9:wolfSSL_X509_STORE_CTX_get_error	16	static
C:/Users/mraihi.imr/Downloads/can-main/can-main/Middlewares/src/x509_str.c:1002:9:wolfSSL_X509_STORE_CTX_get_error_depth	16	static
