C:/Users/mraihi.imr/Downloads/can-main/can-main/Middlewares/wolfssl/wolfcrypt/types.h:498:45:WC_WUR_INT	16	static
C:/Users/mraihi.imr/Downloads/can-main/can-main/Middlewares/wolfcrypt/src/misc.c:109:37:rotlFixed	16	static
C:/Users/mraihi.imr/Downloads/can-main/can-main/Middlewares/wolfcrypt/src/misc.c:139:33:ByteReverseWord32	16	static
C:/Users/mraihi.imr/Downloads/can-main/can-main/Middlewares/wolfcrypt/src/misc.c:591:31:ForceZero	24	static
C:/Users/mraihi.imr/Downloads/can-main/can-main/Middlewares/wolfcrypt/src/misc.c:649:31:ctMaskGT	16	static
C:/Users/mraihi.imr/Downloads/can-main/can-main/Middlewares/wolfcrypt/src/misc.c:675:31:ctMaskLT	16	static
C:/Users/mraihi.imr/Downloads/can-main/can-main/Middlewares/wolfcrypt/src/misc.c:687:31:ctMaskEq	24	static
C:/Users/mraihi.imr/Downloads/can-main/can-main/Middlewares/wolfcrypt/src/misc.c:729:31:ctMaskSel	16	static
C:/Users/mraihi.imr/Downloads/can-main/can-main/Middlewares/wolfcrypt/src/misc.c:749:31:ctSetLTE	16	static
C:/Users/mraihi.imr/Downloads/can-main/can-main/Middlewares/wolfcrypt/src/misc.c:814:31:c16toa	16	static
C:/Users/mraihi.imr/Downloads/can-main/can-main/Middlewares/wolfcrypt/src/misc.c:821:31:c32toa	16	static
C:/Users/mraihi.imr/Downloads/can-main/can-main/Middlewares/wolfcrypt/src/misc.c:853:31:ato16	16	static
../Middlewares/src/tls.c:210:5:BuildTlsHandshakeHash	32	static
../Middlewares/src/tls.c:260:5:BuildTlsFinished	112	static
../Middlewares/src/tls.c:362:17:MakeTLSv1_2	16	static
../Middlewares/src/tls.c:398:5:wolfSSL_CTX_set_groups	32	static
../Middlewares/src/tls.c:445:5:wolfSSL_set_groups	32	static
../Middlewares/src/tls.c:493:12:_DeriveTlsKeys	128	static
../Middlewares/src/tls.c:546:5:wolfSSL_DeriveTlsKeys	48	static
../Middlewares/src/tls.c:556:5:DeriveTlsKeys	72	static
../Middlewares/src/tls.c:599:12:_MakeTlsMasterSecret	128	static
../Middlewares/src/tls.c:646:5:wolfSSL_MakeTlsMasterSecret	48	static
../Middlewares/src/tls.c:703:5:MakeTlsMasterSecret	72	static
../Middlewares/src/tls.c:801:5:wolfSSL_make_eap_keys	80	static
../Middlewares/src/tls.c:840:5:wolfSSL_GetHmacType	16	static
../Middlewares/src/tls.c:849:5:wolfSSL_SetTlsHmacInner	24	static
../Middlewares/src/tls.c:887:12:Hmac_HashUpdate	32	static
../Middlewares/src/tls.c:936:12:Hmac_HashFinalRaw	24	static
../Middlewares/src/tls.c:985:12:Hmac_OuterHash	40	static
../Middlewares/src/tls.c:1029:12:Hmac_UpdateFinal_CT	184	static
../Middlewares/src/tls.c:1339:12:TLS_hmac_SetInner	32	static
../Middlewares/src/tls.c:1384:5:TLS_hmac	104	static
../Middlewares/src/tls.c:1499:5:wolfSSL_GetHmacType_ex	16	static
../Middlewares/src/tls.c:1579:25:TLSX_ToSemaphore	16	static
../Middlewares/src/tls.c:1626:14:TLSX_New	32	static
../Middlewares/src/tls.c:1646:5:TLSX_Append	40	static
../Middlewares/src/tls.c:1678:5:TLSX_Push	32	static
../Middlewares/src/tls.c:1713:5:TLSX_CheckUnsupportedExtension	24	static
../Middlewares/src/tls.c:1725:5:TLSX_HandleUnsupportedExtension	16	static
../Middlewares/src/tls.c:1742:6:TLSX_SetResponse	24	static
../Middlewares/src/tls.c:4690:5:TLSX_IsGroupSupported	16	static
../Middlewares/src/tls.c:4900:12:TLSX_SupportedCurve_New	24	static
../Middlewares/src/tls.c:4919:12:TLSX_PointFormat_New	24	static
../Middlewares/src/tls.c:4937:13:TLSX_SupportedCurve_FreeAll	24	static
../Middlewares/src/tls.c:4948:13:TLSX_PointFormat_FreeAll	24	static
../Middlewares/src/tls.c:4959:12:TLSX_SupportedCurve_Append	32	static
../Middlewares/src/tls.c:4981:12:TLSX_PointFormat_Append	32	static
../Middlewares/src/tls.c:5016:13:TLSX_SupportedCurve_ValidateRequest	32	static
../Middlewares/src/tls.c:5061:13:TLSX_PointFormat_ValidateRequest	32	static
../Middlewares/src/tls.c:5109:13:TLSX_PointFormat_ValidateResponse	24	static
../Middlewares/src/tls.c:5149:15:TLSX_SupportedCurve_GetSize	24	static
../Middlewares/src/tls.c:5164:15:TLSX_PointFormat_GetSize	24	static
../Middlewares/src/tls.c:5179:15:TLSX_SupportedCurve_Write	24	static
../Middlewares/src/tls.c:5196:15:TLSX_PointFormat_Write	24	static
../Middlewares/src/tls.c:5213:5:TLSX_SupportedCurve_Parse	48	static
../Middlewares/src/tls.c:5610:5:TLSX_SupportedCurve_IsSupported	24	static
../Middlewares/src/tls.c:5660:12:TLSX_PointFormat_Parse	40	static
../Middlewares/src/tls.c:5703:5:TLSX_ValidateSupportedCurves	72	static
../Middlewares/src/tls.c:6061:5:TLSX_SupportedCurve_Copy	40	static
../Middlewares/src/tls.c:6083:5:TLSX_UseSupportedCurve	40	static
../Middlewares/src/tls.c:6138:5:TLSX_UsePointFormat	40	static
../Middlewares/src/tls.c:7805:15:TLSX_SignatureAlgorithms_GetSize	24	static
../Middlewares/src/tls.c:7825:12:TLSX_SignatureAlgorithms_MapPss	32	static
../Middlewares/src/tls.c:7854:15:TLSX_SignatureAlgorithms_Write	32	static
../Middlewares/src/tls.c:7888:12:TLSX_SignatureAlgorithms_Parse	32	static
../Middlewares/src/tls.c:7928:12:TLSX_SetSignatureAlgorithms	32	static
../Middlewares/src/tls.c:7951:22:TLSX_SignatureAlgorithms_New	32	static
../Middlewares/src/tls.c:7967:6:TLSX_SignatureAlgorithms_FreeAll	24	static
../Middlewares/src/tls.c:13754:7:TLSX_Find	24	static
../Middlewares/src/tls.c:13765:6:TLSX_Remove	32	static
../Middlewares/src/tls.c:15071:6:TLSX_FreeAll	24	static
../Middlewares/src/tls.c:15265:5:TLSX_SupportExtensions	16	static
../Middlewares/src/tls.c:15270:12:TLSX_GetSize	56	static
../Middlewares/src/tls.c:15540:12:TLSX_Write	56	static
../Middlewares/src/tls.c:15859:12:TLSX_PopulateSupportedGroups	24	static
../Middlewares/src/tls.c:16273:5:TLSX_PopulateExtensions	32	static
../Middlewares/src/tls.c:16948:5:TLSX_GetRequestSize	48	static
../Middlewares/src/tls.c:17158:5:TLSX_WriteRequest	56	static
../Middlewares/src/tls.c:17309:5:TLSX_GetResponseSize	40	static
../Middlewares/src/tls.c:17461:5:TLSX_WriteResponse	56	static
../Middlewares/src/tls.c:17689:15:TLSX_GetMinSize_Client	16	static
../Middlewares/src/tls.c:17760:15:TLSX_GetMinSize_Server	16	static
../Middlewares/src/tls.c:17830:22:TLSX_Parse	64	static
../Middlewares/src/tls.c:18730:21:wolfTLS_client_method	8	static
../Middlewares/src/tls.c:18734:21:wolfTLS_client_method_ex	24	static
../Middlewares/src/tls.c:18798:21:wolfTLSv1_2_client_method	8	static
../Middlewares/src/tls.c:18802:21:wolfTLSv1_2_client_method_ex	24	static
../Middlewares/src/tls.c:19104:21:wolfTLS_server_method	8	static
../Middlewares/src/tls.c:19109:21:wolfTLS_server_method_ex	24	static
../Middlewares/src/tls.c:19178:21:wolfTLSv1_2_server_method	8	static
../Middlewares/src/tls.c:19182:21:wolfTLSv1_2_server_method_ex	24	static
