C:/Users/mraihi.imr/Downloads/can-main/can-main/Middlewares/wolfcrypt/src/misc.c:591:31:ForceZero	24	static
C:/Users/mraihi.imr/Downloads/can-main/can-main/Middlewares/wolfcrypt/src/misc.c:668:33:ctMaskWord32GTE	32	static
C:/Users/mraihi.imr/Downloads/can-main/can-main/Middlewares/wolfcrypt/src/misc.c:773:37:min	24	static
../Middlewares/wolfcrypt/src/dh.c:936:5:wc_InitDhKey_ex	40	static
../Middlewares/wolfcrypt/src/dh.c:974:5:wc_InitDhKey	16	static
../Middlewares/wolfcrypt/src/dh.c:997:5:wc_FreeDhKey	16	static
../Middlewares/wolfcrypt/src/dh.c:1031:19:DiscreteLogWorkFactor	24	static
../Middlewares/wolfcrypt/src/dh.c:1064:12:CheckDhLN	24	static
../Middlewares/wolfcrypt/src/dh.c:1103:12:GeneratePrivateDh186	112	static
../Middlewares/wolfcrypt/src/dh.c:1255:12:GeneratePrivateDh	32	static
../Middlewares/wolfcrypt/src/dh.c:1329:12:GeneratePublicDh	72	static
../Middlewares/wolfcrypt/src/dh.c:1410:5:wc_DhGeneratePublic	40	static
../Middlewares/wolfcrypt/src/dh.c:1432:12:wc_DhGenerateKeyPair_Sync	40	static
../Middlewares/wolfcrypt/src/dh.c:1531:12:_ffc_validate_public_key	88	static
../Middlewares/wolfcrypt/src/dh.c:1674:5:wc_DhCheckPubKey_ex	32	static
../Middlewares/wolfcrypt/src/dh.c:1690:5:wc_DhCheckPubKey	32	static
../Middlewares/wolfcrypt/src/dh.c:1708:5:wc_DhCheckPubValue	32	static
../Middlewares/wolfcrypt/src/dh.c:1748:5:wc_DhCheckPrivKey_ex	64	static
../Middlewares/wolfcrypt/src/dh.c:1845:5:wc_DhCheckPrivKey	32	static
../Middlewares/wolfcrypt/src/dh.c:1854:12:_ffc_pairwise_consistency_test	88	static
../Middlewares/wolfcrypt/src/dh.c:1982:5:wc_DhCheckKeyPair	32	static
../Middlewares/wolfcrypt/src/dh.c:1989:5:wc_DhGenerateKeyPair	40	static
../Middlewares/wolfcrypt/src/dh.c:2019:12:wc_DhAgree_Sync	88	static
../Middlewares/wolfcrypt/src/dh.c:2352:5:wc_DhAgree	48	static
../Middlewares/wolfcrypt/src/dh.c:2391:5:wc_DhAgree_ct	48	static
../Middlewares/wolfcrypt/src/dh.c:2559:12:_DhSetKey	40	static
../Middlewares/wolfcrypt/src/dh.c:2686:5:wc_DhSetCheckKey	48	static
../Middlewares/wolfcrypt/src/dh.c:2694:5:wc_DhSetKey_ex	48	static
../Middlewares/wolfcrypt/src/dh.c:2702:5:wc_DhSetKey	48	static
../Middlewares/wolfcrypt/src/dh.c:2710:5:wc_DhSetNamedKey	64	static
../Middlewares/wolfcrypt/src/dh.c:2785:8:wc_DhGetNamedKeyMinSize	24	static
../Middlewares/wolfcrypt/src/dh.c:2825:5:wc_DhCmpNamedKey	56	static
../Middlewares/wolfcrypt/src/dh.c:2913:5:wc_DhGetNamedKeyParamSize	40	static
../Middlewares/wolfcrypt/src/dh.c:2975:5:wc_DhCopyNamedKey	48	static
../Middlewares/wolfcrypt/src/dh.c:3320:5:wc_DhExportParamsRaw	40	static
