C:/Users/mraihi.imr/Downloads/can-main/can-main/Middlewares/wolfcrypt/src/misc.c:591:31:ForceZero	24	static
C:/Users/mraihi.imr/Downloads/can-main/can-main/Middlewares/wolfcrypt/src/misc.c:649:31:ctMaskGT	16	static
C:/Users/mraihi.imr/Downloads/can-main/can-main/Middlewares/wolfcrypt/src/misc.c:675:31:ctMaskLT	16	static
C:/Users/mraihi.imr/Downloads/can-main/can-main/Middlewares/wolfcrypt/src/misc.c:687:31:ctMaskEq	24	static
C:/Users/mraihi.imr/Downloads/can-main/can-main/Middlewares/wolfcrypt/src/misc.c:889:38:HexCharToByte	24	static
C:/Users/mraihi.imr/Downloads/can-main/can-main/Middlewares/wolfcrypt/src/misc.c:922:30:CharIsWhiteSpace	24	static
C:/Users/mraihi.imr/Downloads/can-main/can-main/Middlewares/wolfcrypt/src/fp_sqr_comba_8.i:25:5:fp_sqr_comba8	2992	static
C:/Users/mraihi.imr/Downloads/can-main/can-main/Middlewares/wolfcrypt/src/fp_mul_comba_8.i:25:5:fp_mul_comba8	4144	static
../Middlewares/wolfcrypt/src/tfm.c:111:8:CheckRunTimeSettings	4	static
../Middlewares/wolfcrypt/src/tfm.c:117:8:CheckRunTimeFastMath	4	static
../Middlewares/wolfcrypt/src/tfm.c:126:5:fp_add	40	static
../Middlewares/wolfcrypt/src/tfm.c:159:5:s_fp_add	80	static
../Middlewares/wolfcrypt/src/tfm.c:225:5:fp_sub	40	static
../Middlewares/wolfcrypt/src/tfm.c:262:6:s_fp_sub	112	static
../Middlewares/wolfcrypt/src/tfm.c:290:5:fp_mul	40	static
../Middlewares/wolfcrypt/src/tfm.c:444:5:fp_mul_2	40	static
../Middlewares/wolfcrypt/src/tfm.c:503:5:fp_mul_d	72	static
../Middlewares/wolfcrypt/src/tfm.c:535:5:fp_mul_2d	48	static
../Middlewares/wolfcrypt/src/tfm.c:615:5:fp_mul_comba	160	static
../Middlewares/wolfcrypt/src/tfm.c:688:5:fp_div	152	static
../Middlewares/wolfcrypt/src/tfm.c:901:6:fp_div_2	40	static
../Middlewares/wolfcrypt/src/tfm.c:940:5:fp_div_2_mod_ct	80	static
../Middlewares/wolfcrypt/src/tfm.c:967:6:fp_div_2d	32	static
../Middlewares/wolfcrypt/src/tfm.c:1008:5:fp_mod	40	static
../Middlewares/wolfcrypt/src/tfm.c:1030:6:fp_mod_2d	40	static
../Middlewares/wolfcrypt/src/tfm.c:1086:12:fp_invmod_slow	128	static
../Middlewares/wolfcrypt/src/tfm.c:1265:5:fp_invmod	104	static
../Middlewares/wolfcrypt/src/tfm.c:1426:5:fp_invmod_mont_ct	56	static
../Middlewares/wolfcrypt/src/tfm.c:1499:5:fp_mulmod	40	static
../Middlewares/wolfcrypt/src/tfm.c:1525:5:fp_submod	40	static
../Middlewares/wolfcrypt/src/tfm.c:1551:5:fp_addmod	40	static
../Middlewares/wolfcrypt/src/tfm.c:1579:5:fp_submod_ct	136	static
../Middlewares/wolfcrypt/src/tfm.c:1624:5:fp_addmod_ct	176	static
../Middlewares/wolfcrypt/src/tfm.c:1931:12:_fp_exptmod_ct	96	static
../Middlewares/wolfcrypt/src/tfm.c:2236:12:_fp_exptmod_nct	152	static
../Middlewares/wolfcrypt/src/tfm.c:2535:12:_fp_exptmod_base_2	120	static
../Middlewares/wolfcrypt/src/tfm.c:2851:5:fp_exptmod	48	static
../Middlewares/wolfcrypt/src/tfm.c:2950:5:fp_exptmod_ex	48	static
../Middlewares/wolfcrypt/src/tfm.c:3042:5:fp_exptmod_nct	40	static
../Middlewares/wolfcrypt/src/tfm.c:3137:6:fp_2expt	24	static
../Middlewares/wolfcrypt/src/tfm.c:3161:5:fp_sqr	32	static
../Middlewares/wolfcrypt/src/tfm.c:3307:5:fp_sqr_comba	248	static
../Middlewares/wolfcrypt/src/tfm.c:3399:5:fp_cmp	16	static
../Middlewares/wolfcrypt/src/tfm.c:3417:5:fp_cmp_d	16	static
../Middlewares/wolfcrypt/src/tfm.c:3444:5:fp_cmp_mag	24	static
../Middlewares/wolfcrypt/src/tfm.c:3466:5:fp_montgomery_setup	24	static
../Middlewares/wolfcrypt/src/tfm.c:3501:5:fp_montgomery_calc_normalization	32	static
../Middlewares/wolfcrypt/src/tfm.c:3647:5:fp_montgomery_reduce_ex	136	static
../Middlewares/wolfcrypt/src/tfm.c:3753:5:fp_montgomery_reduce	24	static
../Middlewares/wolfcrypt/src/tfm.c:3758:5:fp_read_unsigned_bin	40	static
../Middlewares/wolfcrypt/src/tfm.c:3869:5:fp_to_unsigned_bin_at_pos	40	static
../Middlewares/wolfcrypt/src/tfm.c:3897:5:fp_to_unsigned_bin	32	static
../Middlewares/wolfcrypt/src/tfm.c:3913:5:fp_to_unsigned_bin_len_ct	48	static
../Middlewares/wolfcrypt/src/tfm.c:3965:5:fp_to_unsigned_bin_len	40	static
../Middlewares/wolfcrypt/src/tfm.c:4011:5:fp_unsigned_bin_size	24	static
../Middlewares/wolfcrypt/src/tfm.c:4017:6:fp_set	16	static
../Middlewares/wolfcrypt/src/tfm.c:4028:5:fp_set_int	24	static
../Middlewares/wolfcrypt/src/tfm.c:4070:5:fp_is_bit_set	24	static
../Middlewares/wolfcrypt/src/tfm.c:4086:5:fp_set_bit	24	static
../Middlewares/wolfcrypt/src/tfm.c:4105:5:fp_count_bits	24	static
../Middlewares/wolfcrypt/src/tfm.c:4128:5:fp_leading_bit	32	static
../Middlewares/wolfcrypt/src/tfm.c:4147:5:fp_lshd	24	static
../Middlewares/wolfcrypt/src/tfm.c:4175:6:fp_rshb	40	static
../Middlewares/wolfcrypt/src/tfm.c:4227:6:fp_rshd	24	static
../Middlewares/wolfcrypt/src/tfm.c:4254:5:fp_sub_d	40	static
../Middlewares/wolfcrypt/src/tfm.c:4283:5:mp_init	16	static
../Middlewares/wolfcrypt/src/tfm.c:4290:6:fp_init	16	static
../Middlewares/wolfcrypt/src/tfm.c:4301:6:fp_zero	24	static
../Middlewares/wolfcrypt/src/tfm.c:4314:6:fp_clear	24	static
../Middlewares/wolfcrypt/src/tfm.c:4332:6:fp_forcezero	24	static
../Middlewares/wolfcrypt/src/tfm.c:4353:6:mp_forcezero	16	static
../Middlewares/wolfcrypt/src/tfm.c:4358:6:fp_free	16	static
../Middlewares/wolfcrypt/src/tfm.c:4369:6:mp_clear	16	static
../Middlewares/wolfcrypt/src/tfm.c:4376:6:mp_free	16	static
../Middlewares/wolfcrypt/src/tfm.c:4382:5:mp_init_multi	24	static
../Middlewares/wolfcrypt/src/tfm.c:4402:5:mp_add	24	static
../Middlewares/wolfcrypt/src/tfm.c:4408:5:mp_sub	24	static
../Middlewares/wolfcrypt/src/tfm.c:4417:5:mp_mul	24	static
../Middlewares/wolfcrypt/src/tfm.c:4423:5:mp_mul_d	24	static
../Middlewares/wolfcrypt/src/tfm.c:4432:5:mp_mulmod	32	static
../Middlewares/wolfcrypt/src/tfm.c:4464:5:mp_submod	24	static
../Middlewares/wolfcrypt/src/tfm.c:4470:5:mp_addmod	24	static
../Middlewares/wolfcrypt/src/tfm.c:4476:5:mp_submod_ct	24	static
../Middlewares/wolfcrypt/src/tfm.c:4482:5:mp_addmod_ct	24	static
../Middlewares/wolfcrypt/src/tfm.c:4491:5:mp_mod	24	static
../Middlewares/wolfcrypt/src/tfm.c:4501:5:mp_invmod	24	static
../Middlewares/wolfcrypt/src/tfm.c:4508:5:mp_invmod_mont_ct	24	static
../Middlewares/wolfcrypt/src/tfm.c:4521:5:mp_exptmod	24	static
../Middlewares/wolfcrypt/src/tfm.c:4527:5:mp_exptmod_ex	32	static
../Middlewares/wolfcrypt/src/tfm.c:4535:5:mp_exptmod_nct	24	static
../Middlewares/wolfcrypt/src/tfm.c:4543:5:mp_cmp	16	static
../Middlewares/wolfcrypt/src/tfm.c:4549:5:mp_cmp_d	16	static
../Middlewares/wolfcrypt/src/tfm.c:4555:5:mp_unsigned_bin_size	16	static
../Middlewares/wolfcrypt/src/tfm.c:4560:5:mp_to_unsigned_bin_at_pos	24	static
../Middlewares/wolfcrypt/src/tfm.c:4566:5:mp_to_unsigned_bin	16	static
../Middlewares/wolfcrypt/src/tfm.c:4571:5:mp_to_unsigned_bin_len_ct	24	static
../Middlewares/wolfcrypt/src/tfm.c:4576:5:mp_to_unsigned_bin_len	24	static
../Middlewares/wolfcrypt/src/tfm.c:4581:5:mp_read_unsigned_bin	24	static
../Middlewares/wolfcrypt/src/tfm.c:4587:5:mp_sub_d	24	static
../Middlewares/wolfcrypt/src/tfm.c:4592:5:mp_mul_2d	24	static
../Middlewares/wolfcrypt/src/tfm.c:4597:5:mp_2expt	16	static
../Middlewares/wolfcrypt/src/tfm.c:4603:5:mp_div	24	static
../Middlewares/wolfcrypt/src/tfm.c:4608:5:mp_div_2d	24	static
../Middlewares/wolfcrypt/src/tfm.c:4614:5:mp_mod_2d	24	static
../Middlewares/wolfcrypt/src/tfm.c:4621:6:fp_copy	24	static
../Middlewares/wolfcrypt/src/tfm.c:4652:5:mp_init_copy	16	static
../Middlewares/wolfcrypt/src/tfm.c:4659:6:fp_init_copy	16	static
../Middlewares/wolfcrypt/src/tfm.c:4669:5:mp_copy	16	static
../Middlewares/wolfcrypt/src/tfm.c:4675:5:mp_isodd	16	static
../Middlewares/wolfcrypt/src/tfm.c:4680:5:mp_iszero	16	static
../Middlewares/wolfcrypt/src/tfm.c:4685:5:mp_count_bits	16	static
../Middlewares/wolfcrypt/src/tfm.c:4690:5:mp_leading_bit	16	static
../Middlewares/wolfcrypt/src/tfm.c:4695:6:mp_rshb	16	static
../Middlewares/wolfcrypt/src/tfm.c:4700:6:mp_rshd	16	static
../Middlewares/wolfcrypt/src/tfm.c:4705:5:mp_set_int	16	static
../Middlewares/wolfcrypt/src/tfm.c:4710:5:mp_is_bit_set	16	static
../Middlewares/wolfcrypt/src/tfm.c:4715:5:mp_set_bit	16	static
../Middlewares/wolfcrypt/src/tfm.c:4724:5:fp_sqrmod	40	static
../Middlewares/wolfcrypt/src/tfm.c:4751:5:mp_sqrmod	24	static
../Middlewares/wolfcrypt/src/tfm.c:4757:5:mp_montgomery_calc_normalization	16	static
../Middlewares/wolfcrypt/src/tfm.c:4764:12:fp_cond_swap_ct_ex	32	static
../Middlewares/wolfcrypt/src/tfm.c:4786:12:fp_cond_swap_ct	40	static
../Middlewares/wolfcrypt/src/tfm.c:4826:5:fp_cnt_lsb	32	static
../Middlewares/wolfcrypt/src/tfm.c:4853:12:s_is_power_of_two	24	static
../Middlewares/wolfcrypt/src/tfm.c:4872:12:fp_div_d	112	static
../Middlewares/wolfcrypt/src/tfm.c:4950:12:fp_mod_d	24	static
../Middlewares/wolfcrypt/src/tfm.c:4955:5:mp_mod_d	24	static
../Middlewares/wolfcrypt/src/tfm.c:4971:5:mp_prime_is_prime	24	static
../Middlewares/wolfcrypt/src/tfm.c:4984:12:fp_prime_miller_rabin_ex	40	static
../Middlewares/wolfcrypt/src/tfm.c:5073:12:fp_prime_miller_rabin	56	static
../Middlewares/wolfcrypt/src/tfm.c:5145:5:fp_isprime_ex	56	static
../Middlewares/wolfcrypt/src/tfm.c:5200:5:mp_prime_is_prime_ex	128	static
../Middlewares/wolfcrypt/src/tfm.c:5338:5:mp_cond_swap_ct_ex	32	static
../Middlewares/wolfcrypt/src/tfm.c:5343:5:mp_cond_swap_ct	24	static
../Middlewares/wolfcrypt/src/tfm.c:5567:5:fp_add_d	40	static
../Middlewares/wolfcrypt/src/tfm.c:5584:5:mp_add_d	24	static
../Middlewares/wolfcrypt/src/tfm.c:5604:12:fp_read_radix_16	40	static
../Middlewares/wolfcrypt/src/tfm.c:5651:12:fp_read_radix	40	static
../Middlewares/wolfcrypt/src/tfm.c:5726:5:mp_read_radix	24	static
../Middlewares/wolfcrypt/src/tfm.c:5735:5:mp_montgomery_reduce	24	static
../Middlewares/wolfcrypt/src/tfm.c:5740:5:mp_montgomery_reduce_ex	24	static
../Middlewares/wolfcrypt/src/tfm.c:5747:5:mp_montgomery_setup	16	static
../Middlewares/wolfcrypt/src/tfm.c:5755:5:mp_sqr	16	static
../Middlewares/wolfcrypt/src/tfm.c:5763:5:mp_div_2	16	static
../Middlewares/wolfcrypt/src/tfm.c:5770:5:mp_div_2_mod_ct	24	static
../Middlewares/wolfcrypt/src/tfm.c:5789:5:mp_set	16	static
../Middlewares/wolfcrypt/src/tfm.c:5799:5:mp_radix_size	48	static
../Middlewares/wolfcrypt/src/tfm.c:5877:5:mp_toradix	56	static
../Middlewares/wolfcrypt/src/tfm.c:5978:5:mp_abs	16	static
../Middlewares/wolfcrypt/src/tfm.c:5985:5:mp_lshd	16	static
